<html>
<body>
<pre>
<h1>µVision Build Log</h1>
<h2>Tool Versions:</h2>
IDE-Version: µVision V5.24.2.0
Copyright (C) 2017 ARM Ltd and ARM Germany GmbH. All rights reserved.
License Information: Patrick Brust, Hochschule Coburg, LIC=----
 
Tool Versions:
Toolchain:       MDK-Lite  Version: 5.24.1
Toolchain Path:  C:\Keil_v5\ARM\ARMCC\Bin
C Compiler:      Armcc.exe V5.06 update 5 (build 528)
Assembler:       Armasm.exe V5.06 update 5 (build 528)
Linker/Locator:  ArmLink.exe V5.06 update 5 (build 528)
Library Manager: ArmAr.exe V5.06 update 5 (build 528)
Hex Converter:   FromElf.exe V5.06 update 5 (build 528)
CPU DLL:         SARMCM3.DLL V5.24.1
Dialog DLL:      DARMP1.DLL V1.27.0.0
Target DLL:      UL2CM3.DLL V1.160.3.0
Dialog DLL:      TARMP1.DLL V1.26.0.0
 
<h2>Project:</h2>
C:\Users\OvO\Documents\GitHub\Eingebettete-Betriebssysteme\Praktikum1.uvproj
Project File Date:  11/22/2017

<h2>Output:</h2>
*** Using Compiler 'V5.06 update 5 (build 528)', folder: 'C:\Keil_v5\ARM\ARMCC\Bin'
Rebuild target 'Target 1'
assembling startup_LPC177x_8x.s...
compiling core_cm3.c...
assembling switch.s...
switch.s(25): warning: A1313W: Missing END directive at end of file
compiling system_LPC177x_8x.c...
compiling main.c...
main.c(80): warning:  #68-D: integer conversion resulted in a change of sign
  		return -1;
main.c(95): warning:  #68-D: integer conversion resulted in a change of sign
  	return -1;
main.c: 2 warnings, 0 errors
linking...
Program Size: Code=1028 RO-data=260 RW-data=24 ZI-data=2080  
".\Objects\Praktikum1.axf" - 0 Error(s), 3 Warning(s).
Build Time Elapsed:  00:00:00
</pre>
</body>
</html>
