


ARM Macro Assembler    Page 1 


    1 00000000                 AREA             switch, CODE, readonly
    2 00000000                 EXPORT           firstProces
    3 00000000                 EXPORT           ctxswitch
    4 00000000         
    5 00000000         firstProces
                               PROC
    6 00000000 4685            mov              sp, r0
    7 00000002 E8BD 0FF0       pop              { r4-r11 }
    8 00000006 BD00            pop              { pc }
    9 00000008                 ENDP
   10 00000008         
   11 00000008         ctxswitch
                               PROC
   12 00000008         ;sichern von p1
   13 00000008 E92D 4FF0       push             {r4-r11, lr}
   14 0000000C F8C0 D000       str              sp, [r0]
   15 00000010         ;holen von p2
   16 00000010         ;;;; HIER!
   17 00000010 468D            mov              sp,r1
   18 00000012 E8BD 0FF0       pop              {r4-r11}
   19 00000016 F85D EB04       pop              {lr}
   20 0000001A 4770            bx               lr
   21 0000001C                 ENDP
                       
Command Line: --debug --xref --diag_suppress=9931 --cpu=Cortex-M3 --apcs=interw
ork --depend=.\objects\switch.d -o.\objects\switch.o -IC:\Keil_v5\ARM\RV31\INC 
-IC:\Keil_v5\ARM\CMSIS\Include -IC:\Keil_v5\ARM\INC\NXP\LPC177x_8x --predefine=
"__UVISION_VERSION SETA 524" --list=.\listings\switch.lst switch.s



ARM Macro Assembler    Page 1 Alphabetic symbol ordering
Relocatable symbols

ctxswitch 00000008

Symbol: ctxswitch
   Definitions
      At line 11 in file switch.s
   Uses
      At line 3 in file switch.s
Comment: ctxswitch used once
firstProces 00000000

Symbol: firstProces
   Definitions
      At line 5 in file switch.s
   Uses
      At line 2 in file switch.s
Comment: firstProces used once
switch 00000000

Symbol: switch
   Definitions
      At line 1 in file switch.s
   Uses
      None
Comment: switch unused
3 symbols
334 symbols in table
